Microchip MPLAB XC8 Compiler V2.32

Linker command line:

-W-3 --edf=C:\Program Files\Microchip\xc8\v2.32\pic\dat\en_msgs.txt \
  -pivt0x8=08h -cn -h+dist/default/production\Test.X.production.sym \
  --cmf=dist/default/production\Test.X.production.cmf -z -Q18F26K83 \
  -oC:\Users\henry\AppData\Local\Temp\xcAsck8.4 --defsym=__MPLAB_BUILD=1 \
  -Mdist/default/production/Test.X.production.map -E1 -ver=XC8 Compiler \
  --acfsm=1493 -ASTACK=01D8h-0FFFh -pstack=STACK -ACODE=00h-0FFFFh \
  -ACONST=00h-0FFFFh -ASMALLCONST=01000h-010FFhx240 \
  -AMEDIUMCONST=01000h-0FFFFh -ACOMRAM=01h-05Fh -AABS1=00h-0FFFh \
  -ABIGRAM=01h-0FFFh -ARAM=060h-0FFh,0100h-01FFhx15 -ABANK0=060h-0FFh \
  -ABANK1=0100h-01FFh -ABANK2=0200h-02FFh -ABANK3=0300h-03FFh \
  -ABANK4=0400h-04FFh -ABANK5=0500h-05FFh -ABANK6=0600h-06FFh \
  -ABANK7=0700h-07FFh -ABANK8=0800h-08FFh -ABANK9=0900h-09FFh \
  -ABANK10=0A00h-0AFFh -ABANK11=0B00h-0BFFh -ABANK12=0C00h-0CFFh \
  -ABANK13=0D00h-0DFFh -ABANK14=0E00h-0EFFh -ABANK15=0F00h-0FFFh \
  -ASFR=03700h-037FFhx8,03F00h-03F5Fh,03F60h-03FFFh \
  -ACONFIG=0300000h-0300009h -AIDLOC=0200000h-020000Fh \
  -AEEDATA=0310000h-03103FFh -peeprom_data=EEDATA -preset_vec=00h \
  -ppowerup=CODE,init -pramtop=01000h -psmallconst=SMALLCONST \
  -pmediumconst=MEDIUMCONST -pconst=CONST -AFARRAM=00h-00h \
  -prdata=COMRAM,nvrram=COMRAM,nvbit=COMRAM,rbss=COMRAM,rbit=COMRAM \
  -pfarbss=FARRAM,fardata=FARRAM,nvFARRAM=FARRAM \
  -pintsave_regs=BIGRAM,bigbss=BIGRAM,bigdata=BIGRAM -pbss=RAM \
  -pidata=CODE,irdata=CODE,ibigdata=CODE,ifardata=CODE -prparam=COMRAM \
  C:\Users\henry\AppData\Local\Temp\xcAsck8.o \
  dist/default/production\Test.X.production.o 

Object code version is 3.11

Machine type is 18F26K83



                Name                               Link     Load   Length Selector   Space Scale
C:\Users\henry\AppData\Local\Temp\xcAsck8.o
                idloc                            200000   200000       10        0       5
                config                           300000   300000        A        0       4
                init                                 A8       A8        4        4       0
                reset_vec                             0        0        4        0       0
dist/default/production\Test.X.production.o
                idloc                            200000   200000       10        0       5
                config                           300000   300000        A        0       4
                ivt0x8                                8        8       A0        4       0
                text30                             166C     166C       44      4ED       0
                text29                             158E     158E       4E      4ED       0
                text28                             1110     1110       A8        4       0
                text27                             13B4     13B4       66      4ED       0
                text26                             1068     1068       A8        4       0
                text25                             15DC     15DC       4A      4ED       0
                text24                              F02      F02       B6        4       0
                text23                             1534     1534       5A      4ED       0
                text22                             11B8     11B8       96        4       0
                text21                             12CC     12CC       74        4       0
                text20                             14D8     14D8       5C      4ED       0
                text19                              D60      D60       D2        4       0
                text18                             17CC     17CC        C      4ED       0
                text17                             16B0     16B0       42      4ED       0
                text16                             1340     1340       72        4       0
                text15                               AC       AC      450        4       0
                text14                              B76      B76      108        4       0
                text13                              830      830      1B8        4       0
                text12                              E32      E32       D0        4       0
                text11                             147C     147C       5C      4ED       0
                text10                              C7E      C7E       E2        4       0
                text9                              17A0     17A0       18      4ED       0
                text8                               4FC      4FC      334        4       0
                text7                              1626     1626       46      4ED       0
                text6                              17B8     17B8       14      4ED       0
                text5                              141A     141A       62      4ED       0
                text4                              1788     1788       18      4ED       0
                text3                              1770     1770       18      4ED       0
                text2                              1754     1754       1C      4ED       0
                text1                               FB8      FB8       B0        4       0
                text0                               9E8      9E8      18E        4       0
                cstackCOMRAM                          1        1       1F        1       1
                cstackBANK0                          60       60       49       60       1
                dataBANK1                           198      198       40      100       1
                bssBANK1                            100      100       98      100       1
                dataBANK0                            A9       A9       22       60       1
                bssBANK0                             CB       CB        E       60       1
                bssCOMRAM                            20       20       1D        1       1
                cinit                              124E     124E       7E        4       0
                nvCOMRAM                             3D       3D        4        1       1
                idataBANK1                         16F2     16F2       40      4ED       0
                idataBANK0                         1732     1732       22      4ED       0

TOTAL           Name                               Link     Load   Length     Space
        CLASS   STACK          

        CLASS   CODE           
                init                                 A8       A8        4         0
                reset_vec                             0        0        4         0
                ivt0x8                                8        8       A0         0
                text30                             166C     166C       44         0
                text29                             158E     158E       4E         0
                text28                             1110     1110       A8         0
                text27                             13B4     13B4       66         0
                text26                             1068     1068       A8         0
                text25                             15DC     15DC       4A         0
                text24                              F02      F02       B6         0
                text23                             1534     1534       5A         0
                text22                             11B8     11B8       96         0
                text21                             12CC     12CC       74         0
                text20                             14D8     14D8       5C         0
                text19                              D60      D60       D2         0
                text18                             17CC     17CC        C         0
                text17                             16B0     16B0       42         0
                text16                             1340     1340       72         0
                text15                               AC       AC      450         0
                text14                              B76      B76      108         0
                text13                              830      830      1B8         0
                text12                              E32      E32       D0         0
                text11                             147C     147C       5C         0
                text10                              C7E      C7E       E2         0
                text9                              17A0     17A0       18         0
                text8                               4FC      4FC      334         0
                text7                              1626     1626       46         0
                text6                              17B8     17B8       14         0
                text5                              141A     141A       62         0
                text4                              1788     1788       18         0
                text3                              1770     1770       18         0
                text2                              1754     1754       1C         0
                text1                               FB8      FB8       B0         0
                text0                               9E8      9E8      18E         0
                cinit                              124E     124E       7E         0
                idataBANK1                         16F2     16F2       40         0
                idataBANK0                         1732     1732       22         0

        CLASS   CONST          

        CLASS   SMALLCONST     

        CLASS   MEDIUMCONST    

        CLASS   COMRAM         
                cstackCOMRAM                          1        1       1F         1
                bssCOMRAM                            20       20       1D         1
                nvCOMRAM                             3D       3D        4         1

        CLASS   ABS1           

        CLASS   BIGRAM         

        CLASS   RAM            

        CLASS   BANK0          
                cstackBANK0                          60       60       49         1
                dataBANK0                            A9       A9       22         1
                bssBANK0                             CB       CB        E         1

        CLASS   BANK1          
                dataBANK1                           198      198       40         1
                bssBANK1                            100      100       98         1

        CLASS   BANK2          

        CLASS   BANK3          

        CLASS   BANK4          

        CLASS   BANK5          

        CLASS   BANK6          

        CLASS   BANK7          

        CLASS   BANK8          

        CLASS   BANK9          

        CLASS   BANK10         

        CLASS   BANK11         

        CLASS   BANK12         

        CLASS   BANK13         

        CLASS   BANK14         

        CLASS   BANK15         

        CLASS   SFR            

        CLASS   CONFIG         
                config                           300000   300000        A         4

        CLASS   IDLOC          
                idloc                            200000   200000       10         5

        CLASS   EEDATA         

        CLASS   FARRAM         



SEGMENTS        Name                           Load    Length   Top    Selector   Space  Class

                reset_vec                      000000  000004  000004         0       0  CODE    
                cstackCOMRAM                   000001  000040  000041         1       1  COMRAM  
                ivt0x8                         000008  0013AA  0013B2         4       0  CODE    
                cstackBANK0                    000060  000079  0000D9        60       1  BANK0   
                bssBANK1                       000100  0000D8  0001D8       100       1  BANK1   
                text27                         0013B4  000424  0017D8       4ED       0  CODE    


UNUSED ADDRESS RANGES

        Name                Unused          Largest block    Delta
        BANK0            0000D9-0000FF               27
        BANK1            0001D8-0001FF               28
        BANK10           000A00-000AFF              100
        BANK11           000B00-000BFF              100
        BANK12           000C00-000CFF              100
        BANK13           000D00-000DFF              100
        BANK14           000E00-000EFF              100
        BANK15           000F00-000FFF              100
        BANK2            000200-0002FF              100
        BANK3            000300-0003FF              100
        BANK4            000400-0004FF              100
        BANK5            000500-0005FF              100
        BANK6            000600-0006FF              100
        BANK7            000700-0007FF              100
        BANK8            000800-0008FF              100
        BANK9            000900-0009FF              100
        BIGRAM           000041-00005F               1F
                         0000D9-0000FF               27
                         0001D8-000FFF              E28
        CODE             000004-000007                4
                         0013B2-0013B3                2
                         0017D8-00FFFF             E828
        COMRAM           000041-00005F               1F
        CONST            000004-000007                4
                         0013B2-0013B3                2
                         0017D8-00FFFF             E828
        EEDATA           310000-3103FF              400
        MEDIUMCONST      0013B2-0013B3                2
                         0017D8-00FFFF             E828
        RAM              0000D9-0000FF               27
                         0001D8-000FFF              100
        SFR              003700-003FFF              100
        SMALLCONST       0013B2-0013B3                2
                         0017D8-00FFFF              100
        STACK            0001D8-000FFF              E28

                                  Symbol Table

?___flmul                   cstackBANK0  000078
?___fltol                   cstackBANK0  000091
?___xxtofl                  cstackBANK0  00006A
?_abs                       cstackBANK0  00006A
?_time_millis               cstackBANK0  00006A
?_time_secs                 cstackBANK0  00006A
IVTBASEH                    (abs)        003FD6
IVTBASEL                    (abs)        003FD5
IVTBASEU                    (abs)        003FD7
_ANSELA                     (abs)        003A40
_ANSELAbits                 (abs)        003A40
_ANSELB                     (abs)        003A50
_ANSELBbits                 (abs)        003A50
_ANSELCbits                 (abs)        003A60
_BRGCON1bits                (abs)        003703
_BRGCON2bits                (abs)        003704
_BRGCON3bits                (abs)        003705
_CANCONbits                 (abs)        003F8F
_CANRXPPS                   (abs)        003AED
_CANSTATbits                (abs)        003F8E
_CCP1CONbits                (abs)        003F7E
_CCP2CONbits                (abs)        003F7A
_CCPR1H                     (abs)        003F7D
_CCPR1L                     (abs)        003F7C
_CCPR2H                     (abs)        003F79
_CCPR2L                     (abs)        003F78
_INTCON0bits                (abs)        003FD2
_LATBbits                   (abs)        003FBB
_LATCbits                   (abs)        003FBC
_PIE3bits                   (abs)        003993
_PIE5bits                   (abs)        003995
_PIR3bits                   (abs)        0039A3
_PIR5bits                   (abs)        0039A5
_PORTAbits                  (abs)        003FCA
_RB0PPS                     (abs)        003A08
_RB2PPS                     (abs)        003A0A
_RC0PPS                     (abs)        003A10
_RC7PPS                     (abs)        003A17
_RXB0CONbits                (abs)        003F80
_RXB0D0                     (abs)        003F86
_RXB0DLCbits                (abs)        003F85
_RXB0SIDH                   (abs)        003F81
_RXB0SIDL                   (abs)        003F82
_RXB0_int                   text22       0011B8
_T0CON0bits                 (abs)        003FB8
_T0CON1bits                 (abs)        003FB9
_T2CLK                      (abs)        003FAE
_T2CONbits                  (abs)        003FAC
_TMR0_int                   text27       0013B4
_TRISAbits                  (abs)        003FC2
_TRISB                      (abs)        003FC3
_TRISBbits                  (abs)        003FC3
_TRISCbits                  (abs)        003FC4
_TXB0CONbits                (abs)        0037E0
_TXB0D0                     (abs)        0037E6
_TXB0DLCbits                (abs)        0037E5
_TXB0SIDH                   (abs)        0037E1
_TXB0SIDL                   (abs)        0037E2
_TXB0SIDLbits               (abs)        0037E2
_TXB0_int                   text25       0015DC
_U1BRGH                     (abs)        003DF6
_U1BRGL                     (abs)        003DF5
_U1CON0bits                 (abs)        003DF2
_U1CON1bits                 (abs)        003DF3
_U1TXB                      (abs)        003DEA
_U1TX_int                   text30       00166C
_WPUA                       (abs)        003A41
__HRAM                      (abs)        000000
__Habs1                     abs1         000000
__Hbank0                    bank0        000000
__Hbank1                    bank1        000000
__Hbank10                   bank10       000000
__Hbank11                   bank11       000000
__Hbank12                   bank12       000000
__Hbank13                   bank13       000000
__Hbank14                   bank14       000000
__Hbank15                   bank15       000000
__Hbank2                    bank2        000000
__Hbank3                    bank3        000000
__Hbank4                    bank4        000000
__Hbank5                    bank5        000000
__Hbank6                    bank6        000000
__Hbank7                    bank7        000000
__Hbank8                    bank8        000000
__Hbank9                    bank9        000000
__Hbigbss                   bigbss       000000
__Hbigdata                  bigdata      000000
__Hbigram                   bigram       000000
__Hbss                      bss          000000
__HbssBANK0                 bssBANK0     000000
__HbssBANK1                 bssBANK1     000000
__HbssCOMRAM                bssCOMRAM    000000
__Hcinit                    cinit        000000
__Hclrtext                  clrtext      000000
__Hcomram                   comram       000000
__Hconfig                   config       30000A
__Hconst                    const        000000
__HcstackBANK0              cstackBANK0  000000
__HcstackCOMRAM             cstackCOMRAM 000000
__Hdata                     data         000000
__HdataBANK0                dataBANK0    000000
__HdataBANK1                dataBANK1    000000
__Heeprom_data              eeprom_data  000000
__Hfarbss                   farbss       000000
__Hfardata                  fardata      000000
__Hibigdata                 ibigdata     000000
__Hidata                    idata        000000
__HidataBANK0               idataBANK0   000000
__HidataBANK1               idataBANK1   000000
__Hidloc                    idloc        200010
__Hifardata                 ifardata     000000
__Hinit                     init         0000AC
__Hintsave_regs             intsave_regs 000000
__Hirdata                   irdata       000000
__Hivt0x8                   ivt0x8       0000A8
__Hmediumconst              mediumconst  000000
__HnvCOMRAM                 nvCOMRAM     000000
__HnvFARRAM                 nvFARRAM     000000
__Hnvbit                    nvbit        000000
__Hnvrram                   nvrram       000000
__Hparam                    rparam       000000
__Hpowerup                  powerup      000000
__Hram                      ram          000000
__Hramtop                   ramtop       001000
__Hrbit                     rbit         000000
__Hrbss                     rbss         000000
__Hrdata                    rdata        000000
__Hreset_vec                reset_vec    000004
__Hrparam                   rparam       000000
__Hsfr                      sfr          000000
__Hsmallconst               smallconst   000000
__Hspace_0                  (abs)        0017D8
__Hspace_1                  (abs)        0001D8
__Hspace_2                  (abs)        000000
__Hspace_4                  (abs)        60000A
__Hstack                    stack        000000
__Hstruct                   struct       000000
__Htemp                     temp         000000
__Htext                     text         000000
__Htext0                    text0        000000
__Htext1                    text1        000000
__Htext10                   text10       000000
__Htext11                   text11       000000
__Htext12                   text12       000000
__Htext13                   text13       000000
__Htext14                   text14       000000
__Htext15                   text15       000000
__Htext16                   text16       000000
__Htext17                   text17       000000
__Htext18                   text18       000000
__Htext19                   text19       000000
__Htext2                    text2        000000
__Htext20                   text20       000000
__Htext21                   text21       000000
__Htext22                   text22       000000
__Htext23                   text23       000000
__Htext24                   text24       000000
__Htext25                   text25       000000
__Htext26                   text26       000000
__Htext27                   text27       000000
__Htext28                   text28       000000
__Htext29                   text29       000000
__Htext3                    text3        000000
__Htext30                   text30       000000
__Htext31                   text31       000000
__Htext4                    text4        000000
__Htext5                    text5        000000
__Htext6                    text6        000000
__Htext7                    text7        000000
__Htext8                    text8        000000
__Htext9                    text9        000000
__LRAM                      (abs)        000001
__Labs1                     abs1         000000
__Lbank0                    bank0        000000
__Lbank1                    bank1        000000
__Lbank10                   bank10       000000
__Lbank11                   bank11       000000
__Lbank12                   bank12       000000
__Lbank13                   bank13       000000
__Lbank14                   bank14       000000
__Lbank15                   bank15       000000
__Lbank2                    bank2        000000
__Lbank3                    bank3        000000
__Lbank4                    bank4        000000
__Lbank5                    bank5        000000
__Lbank6                    bank6        000000
__Lbank7                    bank7        000000
__Lbank8                    bank8        000000
__Lbank9                    bank9        000000
__Lbigbss                   bigbss       000000
__Lbigdata                  bigdata      000000
__Lbigram                   bigram       000000
__Lbss                      bss          000000
__LbssBANK0                 bssBANK0     000000
__LbssBANK1                 bssBANK1     000000
__LbssCOMRAM                bssCOMRAM    000000
__Lcinit                    cinit        000000
__Lclrtext                  clrtext      000000
__Lcomram                   comram       000000
__Lconfig                   config       000000
__Lconst                    const        000000
__LcstackBANK0              cstackBANK0  000000
__LcstackCOMRAM             cstackCOMRAM 000000
__Ldata                     data         000000
__LdataBANK0                dataBANK0    000000
__LdataBANK1                dataBANK1    000000
__Leeprom_data              eeprom_data  000000
__Lfarbss                   farbss       000000
__Lfardata                  fardata      000000
__Libigdata                 ibigdata     000000
__Lidata                    idata        000000
__LidataBANK0               idataBANK0   000000
__LidataBANK1               idataBANK1   000000
__Lidloc                    idloc        000000
__Lifardata                 ifardata     000000
__Linit                     init         0000A8
__Lintsave_regs             intsave_regs 000000
__Lirdata                   irdata       000000
__Livt0x8                   ivt0x8       000008
__Lmediumconst              mediumconst  000000
__LnvCOMRAM                 nvCOMRAM     000000
__LnvFARRAM                 nvFARRAM     000000
__Lnvbit                    nvbit        000000
__Lnvrram                   nvrram       000000
__Lparam                    rparam       000000
__Lpowerup                  powerup      000000
__Lram                      ram          000000
__Lramtop                   ramtop       001000
__Lrbit                     rbit         000000
__Lrbss                     rbss         000000
__Lrdata                    rdata        000000
__Lreset_vec                reset_vec    000000
__Lrparam                   rparam       000000
__Lsfr                      sfr          000000
__Lsmallconst               smallconst   000000
__Lspace_0                  (abs)        000000
__Lspace_1                  (abs)        000000
__Lspace_2                  (abs)        000000
__Lspace_4                  (abs)        000000
__Lstack                    stack        000000
__Lstruct                   struct       000000
__Ltemp                     temp         000000
__Ltext                     text         000000
__Ltext0                    text0        000000
__Ltext1                    text1        000000
__Ltext10                   text10       000000
__Ltext11                   text11       000000
__Ltext12                   text12       000000
__Ltext13                   text13       000000
__Ltext14                   text14       000000
__Ltext15                   text15       000000
__Ltext16                   text16       000000
__Ltext17                   text17       000000
__Ltext18                   text18       000000
__Ltext19                   text19       000000
__Ltext2                    text2        000000
__Ltext20                   text20       000000
__Ltext21                   text21       000000
__Ltext22                   text22       000000
__Ltext23                   text23       000000
__Ltext24                   text24       000000
__Ltext25                   text25       000000
__Ltext26                   text26       000000
__Ltext27                   text27       000000
__Ltext28                   text28       000000
__Ltext29                   text29       000000
__Ltext3                    text3        000000
__Ltext30                   text30       000000
__Ltext31                   text31       000000
__Ltext4                    text4        000000
__Ltext5                    text5        000000
__Ltext6                    text6        000000
__Ltext7                    text7        000000
__Ltext8                    text8        000000
__Ltext9                    text9        000000
__S0                        (abs)        0017D8
__S1                        (abs)        0001D8
__S2                        (abs)        000000
__S4                        (abs)        000000
__S5                        (abs)        000000
___flmul                    text15       0000AC
___flmul@a                  cstackBANK0  00007C
___flmul@aexp               cstackBANK0  000085
___flmul@b                  cstackBANK0  000078
___flmul@bexp               cstackBANK0  00008A
___flmul@grs                cstackBANK0  000086
___flmul@prod               cstackBANK0  00008B
___flmul@sign               cstackBANK0  000084
___flmul@temp               cstackBANK0  00008F
___fltol                    text14       000B76
___fltol@exp1               cstackBANK0  00009A
___fltol@f1                 cstackBANK0  000091
___fltol@sign1              cstackBANK0  000099
___inthi_sp                 stack        000000
___intlo_sp                 stack        000000
___param_bank               (abs)        000000
___rparam_used              (abs)        000001
___sp                       stack        000000
___xxtofl                   text13       000830
___xxtofl@arg               cstackBANK0  000074
___xxtofl@exp               cstackBANK0  000073
___xxtofl@sign              cstackBANK0  000072
___xxtofl@val               cstackBANK0  00006A
__accesstop                 (abs)        000060
__activetblptr              (abs)        000002
__end_of_RXB0_int           text22       00124E
__end_of_TMR0_int           text27       00141A
__end_of_TXB0_int           text25       001626
__end_of_U1TX_int           text30       0016B0
__end_of___flmul            text15       0004FC
__end_of___fltol            text14       000C7E
__end_of___xxtofl           text13       0009E8
__end_of__initialization    cinit        0012C2
__end_of_abs                text17       0016F2
__end_of_calc_speed         text16       0013B2
__end_of_can_init           text21       001340
__end_of_can_tx             text26       001110
__end_of_can_txq_push       text19       000E32
__end_of_count_delta        text29       0015DC
__end_of_encoders_get_pos   text12       000F02
__end_of_encoders_init      text18       0017D8
__end_of_encoders_is_limit  text11       0014D8
__end_of_encoders_update    text28       0011B8
__end_of_main               text0        000B76
__end_of_memcpy             text20       001534
__end_of_motor_control      text8        000830
__end_of_motor_set          text10       000D60
__end_of_motors_init        text7        00166C
__end_of_on_can_rx          text24       000FB8
__end_of_solenoids_init     text6        0017CC
__end_of_solenoids_set      text5        00147C
__end_of_time_init          text4        0017A0
__end_of_time_millis        text9        0017B8
__end_of_time_secs          text3        001788
__end_of_uart_init          text2        001770
__end_of_uart_tx            text1        001068
__end_ofi2_memcpy           text23       00158E
__initialization            cinit        00124E
__mediumconst               mediumconst  000000
__pbssBANK0                 bssBANK0     0000CB
__pbssBANK1                 bssBANK1     000100
__pbssCOMRAM                bssCOMRAM    000020
__pcinit                    cinit        00124E
__pcstackBANK0              cstackBANK0  000060
__pcstackCOMRAM             cstackCOMRAM 000001
__pdataBANK0                dataBANK0    0000A9
__pdataBANK1                dataBANK1    000198
__pidataBANK0               idataBANK0   001732
__pidataBANK1               idataBANK1   0016F2
__pivt0x8                   ivt0x8       000008
__pnvCOMRAM                 nvCOMRAM     00003D
__ptext0                    text0        0009E8
__ptext1                    text1        000FB8
__ptext10                   text10       000C7E
__ptext11                   text11       00147C
__ptext12                   text12       000E32
__ptext13                   text13       000830
__ptext14                   text14       000B76
__ptext15                   text15       0000AC
__ptext16                   text16       001340
__ptext17                   text17       0016B0
__ptext18                   text18       0017CC
__ptext19                   text19       000D60
__ptext2                    text2        001754
__ptext20                   text20       0014D8
__ptext21                   text21       0012CC
__ptext22                   text22       0011B8
__ptext23                   text23       001534
__ptext24                   text24       000F02
__ptext25                   text25       0015DC
__ptext26                   text26       001068
__ptext27                   text27       0013B4
__ptext28                   text28       001110
__ptext29                   text29       00158E
__ptext3                    text3        001770
__ptext30                   text30       00166C
__ptext31                   text31       000000
__ptext4                    text4        001788
__ptext5                    text5        00141A
__ptext6                    text6        0017B8
__ptext7                    text7        001626
__ptext8                    text8        0004FC
__ptext9                    text9        0017A0
__ramtop                    ramtop       001000
__size_of_RXB0_int          (abs)        000000
__size_of_TMR0_int          (abs)        000000
__size_of_TXB0_int          (abs)        000000
__size_of_U1TX_int          (abs)        000000
__size_of___flmul           (abs)        000000
__size_of___fltol           (abs)        000000
__size_of___xxtofl          (abs)        000000
__size_of_abs               (abs)        000000
__size_of_calc_speed        (abs)        000000
__size_of_can_init          (abs)        000000
__size_of_can_tx            (abs)        000000
__size_of_can_txq_push      (abs)        000000
__size_of_count_delta       (abs)        000000
__size_of_encoders_get_pos  (abs)        000000
__size_of_encoders_init     (abs)        000000
__size_of_encoders_is_limit (abs)        000000
__size_of_encoders_update   (abs)        000000
__size_of_main              (abs)        000000
__size_of_memcpy            (abs)        000000
__size_of_motor_control     (abs)        000000
__size_of_motor_set         (abs)        000000
__size_of_motors_init       (abs)        000000
__size_of_on_can_rx         (abs)        000000
__size_of_solenoids_init    (abs)        000000
__size_of_solenoids_set     (abs)        000000
__size_of_time_init         (abs)        000000
__size_of_time_millis       (abs)        000000
__size_of_time_secs         (abs)        000000
__size_of_uart_init         (abs)        000000
__size_of_uart_tx           (abs)        000000
__size_ofi2_memcpy          (abs)        000000
__smallconst                smallconst   000000
_abs                        text17       0016B0
_calc_speed                 text16       001340
_can_init                   text21       0012CC
_can_rx_callback            nvCOMRAM     00003D
_can_tx                     text26       001068
_can_txq_push               text19       000D60
_count_delta                text29       00158E
_count_delta_matrix         dataBANK0    0000A9
_enc_1_count                bssCOMRAM    000030
_enc_1_prev_state           bssCOMRAM    000035
_enc_2_count                bssCOMRAM    00002E
_enc_2_prev_state           bssCOMRAM    000034
_encoders_errors            bssBANK0     0000CD
_encoders_get_pos           text12       000E32
_encoders_init              text18       0017CC
_encoders_is_limit          text11       00147C
_encoders_update            text28       001110
_fuel_press                 dataBANK0    0000B9
_hb                         bssCOMRAM    000037
_hb_rx_flag                 bssCOMRAM    000036
_head                       bssCOMRAM    000033
_last_10Hz_time             bssCOMRAM    00002A
_last_200Hz_time            bssCOMRAM    00002C
_last_2Hz_time              bssCOMRAM    000028
_last_hb_rx_time            bssCOMRAM    000026
_last_second_ms             bssCOMRAM    000022
_main                       text0        0009E8
_memcpy                     text20       0014D8
_motor_control              text8        0004FC
_motor_control$713          cstackBANK0  0000A0
_motor_control$714          cstackBANK0  0000A1
_motor_control$716          cstackBANK0  0000A2
_motor_control$717          cstackBANK0  0000A3
_motor_set                  text10       000C7E
_motors_init                text7        001626
_ms                         bssCOMRAM    000024
_msg                        dataBANK1    000198
_on_can_rx                  text24       000F02
_one_kHz_callback           nvCOMRAM     00003F
_ox_main                    dataBANK0    0000C2
_rx_msg                     bssBANK0     0000CE
_secs                       bssCOMRAM    000020
_solenoids_init             text6        0017B8
_solenoids_set              text5        00141A
_tail                       bssCOMRAM    000032
_time_init                  text4        001788
_time_millis                text9        0017A0
_time_secs                  text3        001770
_tx_ring_buf                bssBANK1     000100
_txq                        bssBANK1     000140
_txq_head                   bssBANK0     0000CC
_txq_tail                   bssBANK0     0000CB
_uart_init                  text2        001754
_uart_tx                    text1        000FB8
_valve_cmd                  bssCOMRAM    00003A
abs@a                       cstackBANK0  00006A
calc_speed@err              cstackBANK0  00006C
calc_speed@goal_pos         cstackBANK0  00006A
calc_speed@pos              cstackBANK0  00006B
can_tx@msg                  cstackCOMRAM 00001B
can_txq_push@data           cstackBANK0  000078
can_txq_push@id             cstackBANK0  000075
can_txq_push@len            cstackBANK0  000077
count_delta@prev_state      cstackCOMRAM 00001F
count_delta@res             cstackBANK0  000063
count_delta@state           cstackBANK0  000062
encoders_get_pos@which      cstackBANK0  00009B
encoders_is_limit@which     cstackBANK0  00006A
encoders_update@enc_1_state cstackBANK0  000066
encoders_update@enc_2_state cstackBANK0  000067
end_of_initialization       cinit        0012C2
i2_memcpy                   text23       001534
i2memcpy@d                  cstackCOMRAM 000016
i2memcpy@d1                 cstackCOMRAM 000010
i2memcpy@n                  cstackCOMRAM 000014
i2memcpy@s                  cstackCOMRAM 000018
i2memcpy@s1                 cstackCOMRAM 000012
i2memcpy@tmp                cstackCOMRAM 00001A
intlevel0                   text         000000
intlevel1                   text         000000
intlevel2                   text         000000
intlevel3                   text         000000
isa$std                     (abs)        000001
isa$xinst                   (abs)        000000
ivt0x8_base                 ivt0x8       000008
ivt0x8_undefint             ivt0x8       0000A6
memcpy@d                    cstackBANK0  000071
memcpy@d1                   cstackBANK0  00006A
memcpy@n                    cstackBANK0  00006E
memcpy@s                    cstackBANK0  000073
memcpy@s1                   cstackBANK0  00006C
memcpy@tmp                  cstackBANK0  000070
motor_control@delta_pos     cstackBANK0  0000A6
motor_control@delta_time    cstackBANK0  0000A4
motor_control@motor         cstackBANK0  00009C
motor_set@pwm               cstackBANK0  000070
motor_set@speed             cstackBANK0  00006D
motor_set@which             cstackBANK0  000072
on_can_rx@msg               cstackCOMRAM 000001
solenoids_set@cmd           cstackBANK0  00006A
stackhi                     (abs)        000FFF
stacklo                     (abs)        0001D8
start                       init         0000A8
start_initialization        cinit        00124E
time_millis@result          cstackBANK0  00006C
time_secs@result            cstackBANK0  00006C
uart_tx@bytes               cstackBANK0  00006A
uart_tx@i                   cstackBANK0  000074
uart_tx@n_bytes             cstackBANK0  00006C


MODULE INFORMATION

Module		Function		Class		Link	Load	Size
motors.c
		_calc_speed    		CODE           	1340	0000	114
		_motor_set     		CODE           	0C7E	0000	226
		_motor_control 		CODE           	04FC	0000	820
		_motors_init   		CODE           	1626	0000	70

motors.c estimated size: 1230

solenoids.c
		_solenoids_set 		CODE           	141A	0000	98
		_solenoids_init		CODE           	17B8	0000	20

solenoids.c estimated size: 118

C:\Program Files\Microchip\xc8\v2.32\pic\sources\c99\common\memcpy.c
		_memcpy        		CODE           	14D8	0000	92

C:\Program Files\Microchip\xc8\v2.32\pic\sources\c99\common\memcpy.c estimated size: 92

C:\Program Files\Microchip\xc8\v2.32\pic\sources\c99\common\abs.c
		_abs           		CODE           	16B0	0000	66

C:\Program Files\Microchip\xc8\v2.32\pic\sources\c99\common\abs.c estimated size: 66

encoders.c
		_encoders_is_limit		CODE           	147C	0000	92
		_encoders_update		CODE           	1110	0000	168
		_count_delta   		CODE           	158E	0000	78
		_encoders_init 		CODE           	17CC	0000	12
		_encoders_get_pos		CODE           	0E32	0000	208

encoders.c estimated size: 558

libcan/can.c
		_can_txq_push  		CODE           	0D60	0000	210
		_can_init      		CODE           	12CC	0000	116
		_can_tx        		CODE           	1068	0000	168
		_RXB0_int      		CODE           	11B8	0000	150
		_TXB0_int      		CODE           	15DC	0000	74

libcan/can.c estimated size: 718

shared
		__initialization		CODE           	124E	0000	116
		i2_memcpy      		CODE           	1534	0000	90

shared estimated size: 206

C:\Program Files\Microchip\xc8\v2.32\pic\sources\c99\common\sprcmul.c
		___flmul       		CODE           	00AC	0000	1104

C:\Program Files\Microchip\xc8\v2.32\pic\sources\c99\common\sprcmul.c estimated size: 1104

libpicutil/uart_debug.c
		_uart_tx       		CODE           	0FB8	0000	176
		_U1TX_int      		CODE           	166C	0000	68
		_uart_init     		CODE           	1754	0000	28

libpicutil/uart_debug.c estimated size: 272

C:\Program Files\Microchip\xc8\v2.32\pic\sources\c99\common\fltol.c
		___fltol       		CODE           	0B76	0000	264

C:\Program Files\Microchip\xc8\v2.32\pic\sources\c99\common\fltol.c estimated size: 264

C:\Program Files\Microchip\xc8\v2.32\pic\sources\c99\common\xxtofl.c
		___xxtofl      		CODE           	0830	0000	440

C:\Program Files\Microchip\xc8\v2.32\pic\sources\c99\common\xxtofl.c estimated size: 440

main.c
		_on_can_rx     		CODE           	0F02	0000	182
		_main          		CODE           	09E8	0000	398

main.c estimated size: 580

libpicutil/time.c
		_time_millis   		CODE           	17A0	0000	24
		_time_init     		CODE           	1788	0000	24
		_time_secs     		CODE           	1770	0000	24
		_TMR0_int      		CODE           	13B4	0000	102

libpicutil/time.c estimated size: 174

